C51 COMPILER V9.60.0.0   LED                                                               05/19/2021 22:37:06 PAGE 1   


C51 COMPILER V9.60.0.0, COMPILATION OF MODULE LED
OBJECT MODULE PLACED IN .\Objects\led.obj
COMPILER INVOKED BY: C:\Keil_v5\C51\BIN\C51.EXE src\led.c LARGE OPTIMIZE(8,SPEED) BROWSE INCDIR(.\inc) DEBUG OBJECTEXTEN
                    -D PRINT(.\Listings\led.lst) OBJECT(.\Objects\led.obj)

line level    source

   1          #include "Type_def.h"
   2          #include "STC8xxxx.h"
   3          
   4          static u8 xstate;
   5          u16 xled;
   6          static u16 xledv;
   7          
   8          #define   LED_DLY   200
   9          
  10          sbit RELAY1 = P5^5;
  11          void led_init(void) {
  12   1              P5M0 = 0;               //设置准双向口
  13   1              P5M1 = 0;
  14   1              xled = 0xeeff;//0b1110111011111111;
  15   1      }
  16          
  17          void led_poll(void) {
  18   1              u8 t;
  19   1              t = TH0 - xstate;
  20   1              if (t > LED_DLY) {
  21   2                      xstate = LED_DLY + xstate;
  22   2                      xledv = xledv >> 1;
  23   2                      if (xledv == 0) {
  24   3                              xledv = xled;
  25   3                      }
  26   2                      RELAY1 = xledv & 0x01;
  27   2              }
  28   1      }


MODULE INFORMATION:   STATIC OVERLAYABLE
   CODE SIZE        =     79    ----
   CONSTANT SIZE    =   ----    ----
   XDATA SIZE       =      5    ----
   PDATA SIZE       =   ----    ----
   DATA SIZE        =   ----    ----
   IDATA SIZE       =   ----    ----
   BIT SIZE         =   ----    ----
END OF MODULE INFORMATION.


C51 COMPILATION COMPLETE.  0 WARNING(S),  0 ERROR(S)
